// Vitest Snapshot v1, https://vitest.dev/guide/snapshot.html

exports[`BetaBanner > Rendering > should match the snapshot 1`] = `
<DocumentFragment>
  <div
    class="ons-phase-banner"
  >
    <div
      class="ons-container "
    >
      <div
        class="ons-grid ons-grid--flex ons-grid--gutterless ons-grid--vertical-center ons-grid--no-wrap"
      >
        <div
          class="ons-grid__col ons-col-auto ons-u-flex-no-grow"
        >
          <h3
            class="ons-phase-banner__badge"
          >
            BETA
          </h3>
        </div>
        <div
          class="ons-grid__col ons-col-auto ons-u-flex-shrink"
        >
          <p
            class="ons-phase-banner__desc ons-u-fs-s ons-u-mb-no"
          >
            This is a new service – your 
            <a
              href="https://ons.service-now.com/"
            >
              feedback
            </a>
             will help us improve it.
          </p>
        </div>
      </div>
    </div>
  </div>
</DocumentFragment>
`;
