// Vitest Snapshot v1, https://vitest.dev/guide/snapshot.html

exports[`NotProductionWarning > rendering > renders the snapshot 1`] = `
<DocumentFragment>
  <div
    style="background: rgb(34, 34, 34); color: rgb(255, 255, 255);"
  >
    <div
      class="ons-container"
    >
      <div
        class="ons-panel ons-panel--warn-branded ons-panel--no-title"
        style="background: rgb(34, 34, 34);"
      >
        <span
          aria-hidden="true"
          class="ons-panel__icon"
          style="color: rgb(34, 34, 34);"
        >
          !
        </span>
        <span
          class="ons-panel__assistive-text ons-u-vh"
        >
          Warning: 
        </span>
        <div
          class="ons-panel__body"
        >
          <p
            class="ons-u-mb-no"
          >
            This is not a production environment. Do not upload any production data to this service.
          </p>
        </div>
      </div>
    </div>
  </div>
</DocumentFragment>
`;
