// Jest Snapshot v1, https://goo.gl/fbAQLP

exports[`ONS Not production warning Test matches Snapshot 1`] = `
LoadedCheerio {
  "0": <div
    style="background:#222;color:#222"
  >
    <div
      class="ons-container"
    >
      <div
        class="ons-panel ons-panel--warn-branded ons-panel--no-title"
        style="background:#222"
      >
        <span
          aria-hidden="true"
          class="ons-panel__icon"
          style="color:#222"
        >
          !
        </span>
        <span
          class="ons-panel__assistive-text ons-u-vh"
        >
          Warning: 
        </span>
        <div
          class="ons-panel__body"
        >
          <p
            class="ons-u-mb-no"
          >
            This environment is not a production environment. Do not upload any live data to this service.
          </p>
        </div>
      </div>
    </div>
  </div>,
  "_root": LoadedCheerio {
    "0": Document {
      "children": Array [
        <html>
          <head />
          <body />
        </html>,
      ],
      "endIndex": null,
      "next": null,
      "parent": null,
      "prev": null,
      "startIndex": null,
      "type": "root",
      "x-mode": "quirks",
    },
    "_root": [Circular],
    "length": 1,
    "options": Object {
      "decodeEntities": true,
      "xml": false,
    },
  },
  "length": 1,
  "options": Object {
    "decodeEntities": true,
    "xml": false,
  },
}
`;
