// Jest Snapshot v1, https://goo.gl/fbAQLP

exports[`ONS Not production warning Test matches Snapshot 1`] = `
Object {
  "asFragment": [Function],
  "baseElement": <body>
    <div>
      <div
        style="background: rgb(34, 34, 34); color: rgb(34, 34, 34);"
      >
        <div
          class="ons-container"
        >
          <div
            class="ons-panel ons-panel--warn-branded ons-panel--no-title"
            style="background: rgb(34, 34, 34);"
          >
            <span
              aria-hidden="true"
              class="ons-panel__icon"
              style="color: rgb(34, 34, 34);"
            >
              !
            </span>
            <span
              class="ons-panel__assistive-text ons-u-vh"
            >
              Warning: 
            </span>
            <div
              class="ons-panel__body"
            >
              <p
                class="ons-u-mb-no"
              >
                This environment is not a production environment. Do not upload any live data to this service.
              </p>
            </div>
          </div>
        </div>
      </div>
    </div>
  </body>,
  "container": <div>
    <div
      style="background: rgb(34, 34, 34); color: rgb(34, 34, 34);"
    >
      <div
        class="ons-container"
      >
        <div
          class="ons-panel ons-panel--warn-branded ons-panel--no-title"
          style="background: rgb(34, 34, 34);"
        >
          <span
            aria-hidden="true"
            class="ons-panel__icon"
            style="color: rgb(34, 34, 34);"
          >
            !
          </span>
          <span
            class="ons-panel__assistive-text ons-u-vh"
          >
            Warning: 
          </span>
          <div
            class="ons-panel__body"
          >
            <p
              class="ons-u-mb-no"
            >
              This environment is not a production environment. Do not upload any live data to this service.
            </p>
          </div>
        </div>
      </div>
    </div>
  </div>,
  "debug": [Function],
  "findAllByAltText": [Function],
  "findAllByDisplayValue": [Function],
  "findAllByLabelText": [Function],
  "findAllByPlaceholderText": [Function],
  "findAllByRole": [Function],
  "findAllByTestId": [Function],
  "findAllByText": [Function],
  "findAllByTitle": [Function],
  "findByAltText": [Function],
  "findByDisplayValue": [Function],
  "findByLabelText": [Function],
  "findByPlaceholderText": [Function],
  "findByRole": [Function],
  "findByTestId": [Function],
  "findByText": [Function],
  "findByTitle": [Function],
  "getAllByAltText": [Function],
  "getAllByDisplayValue": [Function],
  "getAllByLabelText": [Function],
  "getAllByPlaceholderText": [Function],
  "getAllByRole": [Function],
  "getAllByTestId": [Function],
  "getAllByText": [Function],
  "getAllByTitle": [Function],
  "getByAltText": [Function],
  "getByDisplayValue": [Function],
  "getByLabelText": [Function],
  "getByPlaceholderText": [Function],
  "getByRole": [Function],
  "getByTestId": [Function],
  "getByText": [Function],
  "getByTitle": [Function],
  "queryAllByAltText": [Function],
  "queryAllByDisplayValue": [Function],
  "queryAllByLabelText": [Function],
  "queryAllByPlaceholderText": [Function],
  "queryAllByRole": [Function],
  "queryAllByTestId": [Function],
  "queryAllByText": [Function],
  "queryAllByTitle": [Function],
  "queryByAltText": [Function],
  "queryByDisplayValue": [Function],
  "queryByLabelText": [Function],
  "queryByPlaceholderText": [Function],
  "queryByRole": [Function],
  "queryByTestId": [Function],
  "queryByText": [Function],
  "queryByTitle": [Function],
  "rerender": [Function],
  "unmount": [Function],
}
`;
