// Jest Snapshot v1, https://goo.gl/fbAQLP

exports[`ONS Error Panel Test matches Snapshot 1`] = `
LoadedCheerio {
  "0": <div
    class="ons-panel ons-panel--error ons-panel--no-title"
  >
    <div
      class="ons-panel__body"
    >
      <p>
        Sorry, there is a problem with this service. We are working to fix the problem. Please try again later.
      </p>
    </div>
  </div>,
  "_root": LoadedCheerio {
    "0": Document {
      "children": Array [
        <html>
          <head />
          <body />
        </html>,
      ],
      "endIndex": null,
      "next": null,
      "parent": null,
      "prev": null,
      "startIndex": null,
      "type": "root",
      "x-mode": "quirks",
    },
    "_root": [Circular],
    "length": 1,
    "options": Object {
      "decodeEntities": true,
      "xml": false,
    },
  },
  "length": 1,
  "options": Object {
    "decodeEntities": true,
    "xml": false,
  },
}
`;
