// Jest Snapshot v1, https://jestjs.io/docs/snapshot-testing

exports[`ONSTable renders a formatted table 1`] = `
<table
  class="ons-table"
  data-testid="my-test-table"
  id="my-test-table"
>
  <thead
    class="ons-table__head"
  >
    <tr
      class="ons-table__row"
    >
      <th
        class="ons-table__header"
        scope="col"
      >
        column1
      </th>
      <th
        class="ons-table__header"
        scope="col"
      >
        column2
      </th>
      <th
        class="ons-table__header"
        scope="col"
      >
        column3
      </th>
    </tr>
  </thead>
  <tbody
    class="ons-table__body"
  >
    <tr>
      <td>
        Value column 1
      </td>
      <td>
        Value column 2
      </td>
      <td>
        Value column 3
      </td>
    </tr>
  </tbody>
</table>
`;
