// Vitest Snapshot v1, https://vitest.dev/guide/snapshot.html

exports[`PasswordInput > rendering > renders the snapshot 1`] = `
<DocumentFragment>
  <div
    class="ons-field"
  >
    <label
      class="ons-label"
      for="password-input"
    >
      Password
    </label>
    <span
      class="ons-checkbox ons-checkbox--toggle"
    >
      <input
        class="ons-checkbox__input"
        data-testid="password-input-toggle"
        id="password-input-toggle"
        name="show-password"
        type="checkbox"
      />
      <label
        class="ons-checkbox__label"
        for="password-input-toggle"
      >
        Show password
      </label>
    </span>
    <input
      autocomplete="new-password"
      class="ons-input ons-input--text ons-input-type__input ons-u-mt-2xs"
      data-testid="password-input-input"
      id="password-input"
      type="password"
      value=""
    />
  </div>
</DocumentFragment>
`;
