// Vitest Snapshot v1, https://vitest.dev/guide/snapshot.html

exports[`ExampleCheckboxForm > Rendering > should match the snapshot 1`] = `
<DocumentFragment>
  <form
    action="#"
  >
    <fieldset
      class="ons-fieldset"
    >
      <legend
        class="ons-fieldset__legend"
      >
        Select questionnaires
      </legend>
      <button
        class="ons-btn ons-u-mb-s js-auto-selector ons-btn--small ons-btn--secondary"
        type="button"
      >
        <span
          class="ons-btn__inner"
        >
          <span
            class="js-button-text"
          >
            Select All
          </span>
          <span
            class="ons-u-vh"
          >
             following checkboxes
          </span>
        </span>
      </button>
      <div
        class="ons-checkboxes__items"
      >
        <p
          class="ons-checkboxes__item"
        >
          <span
            class="ons-checkbox"
          >
            <input
              class="ons-checkbox__input js-checkbox"
              id="lms"
              name="questionnaire"
              type="checkbox"
              value="lms"
            />
            <label
              class="ons-checkbox__label "
              for="lms"
              id="lms-label"
            >
              LMS
            </label>
          </span>
        </p>
        <br />
        <p
          class="ons-checkboxes__item"
        >
          <span
            class="ons-checkbox"
          >
            <input
              class="ons-checkbox__input js-checkbox"
              id="opn"
              name="questionnaire"
              type="checkbox"
              value="opn"
            />
            <label
              class="ons-checkbox__label "
              for="opn"
              id="opn-label"
            >
              OPN
            </label>
          </span>
        </p>
        <br />
      </div>
    </fieldset>
    <br />
    <button
      class="ons-btn"
      data-testid="submit-button"
      type="submit"
    >
      <span
        class="ons-btn__inner"
      >
        Submit Selection
      </span>
    </button>
  </form>
</DocumentFragment>
`;
