// Vitest Snapshot v1, https://vitest.dev/guide/snapshot.html

exports[`ExampleRadioForm > Rendering > should match the snapshot 1`] = `
<DocumentFragment>
  <form
    action="#"
  >
    <fieldset
      class="ons-fieldset"
    >
      <legend
        class="ons-fieldset__legend"
      >
        Select your favorite topping
      </legend>
      <div
        class="ons-radios__items"
      >
        <p
          class="ons-radios__item"
        >
          <span
            class="ons-radio"
          >
            <input
              class="ons-radio__input js-radio"
              id="bacon"
              name="topping"
              type="radio"
              value="bacon"
            />
            <label
              class="ons-radio__label "
              for="bacon"
              id="bacon-label"
            >
              Bacon
            </label>
          </span>
        </p>
        <br />
        <p
          class="ons-radios__item"
        >
          <span
            class="ons-radio"
          >
            <input
              class="ons-radio__input js-radio"
              id="cheese"
              name="topping"
              type="radio"
              value="cheese"
            />
            <label
              class="ons-radio__label ons-label--with-description"
              for="cheese"
              id="cheese-label"
            >
              Cheese
              <span
                class="ons-label__description ons-radio__label--with-description"
                id="cheese-description-hint"
              >
                This includes all types of cheese
              </span>
            </label>
          </span>
        </p>
        <br />
      </div>
    </fieldset>
    <fieldset
      class="ons-fieldset"
    >
      <legend
        class="ons-fieldset__legend"
      >
        Select a radio option
      </legend>
      <div
        class="ons-radios__items"
      >
        <p
          class="ons-radios__item"
        >
          <span
            class="ons-radio"
          >
            <input
              class="ons-radio__input js-radio"
              id="firstOption"
              name="options"
              type="radio"
              value="firstOption"
            />
            <label
              class="ons-radio__label "
              for="firstOption"
              id="firstOption-label"
            >
              First Option
            </label>
          </span>
        </p>
        <br />
        <p
          class="ons-radios__item"
        >
          <span
            class="ons-radio"
          >
            <input
              class="ons-radio__input js-radio"
              id="other"
              name="options"
              type="radio"
              value="other"
            />
            <label
              class="ons-radio__label "
              for="other"
              id="other-label"
            >
              Other
            </label>
            <span
              class="ons-radio__other ons-radio__other--open"
              id="other-other-wrap"
            >
              <label
                class="ons-label ons-u-fs-s--b"
                for="other-text"
                id="other-text-label"
              >
                Please specify
              </label>
              <input
                class="ons-input ons-input--text ons-input-type__input ons-input--w-auto"
                id="other-text"
                name="other-text"
                type="text"
              />
            </span>
          </span>
        </p>
        <br />
      </div>
    </fieldset>
    <br />
    <button
      class="ons-btn"
      data-testid="submit-button"
      type="submit"
    >
      <span
        class="ons-btn__inner"
      >
        Save and Continue
      </span>
    </button>
  </form>
</DocumentFragment>
`;
