// Vitest Snapshot v1, https://vitest.dev/guide/snapshot.html

exports[`ExampleRadioForm > rendering > renders the snapshot 1`] = `
<DocumentFragment>
  <form
    action="#"
    id="form-_r_0_"
    novalidate=""
  >
    <div
      class="ons-field ons-u-mb-m"
      id="radio-_r_3_"
    >
      <fieldset
        class="ons-fieldset"
      >
        <legend
          class="ons-fieldset__legend ons-u-fs-r--b"
        >
          Select your favorite topping
        </legend>
        <div
          class="ons-grid"
        >
          <div
            class="ons-grid__col ons-col-8@m ons-col-6@l"
          >
            <div
              class="ons-input-items"
            >
              <div
                class="ons-radios__items"
              >
                <span
                  class="ons-radios__item"
                >
                  <span
                    class="ons-radio"
                  >
                    <input
                      class="ons-radio__input"
                      id="bacon"
                      name="topping"
                      type="radio"
                      value="bacon"
                    />
                    <label
                      class="ons-radio__label "
                      for="bacon"
                    >
                      Bacon
                    </label>
                  </span>
                </span>
                <br />
                <span
                  class="ons-radios__item"
                >
                  <span
                    class="ons-radio"
                  >
                    <input
                      class="ons-radio__input"
                      id="cheese"
                      name="topping"
                      type="radio"
                      value="cheese"
                    />
                    <label
                      class="ons-radio__label ons-label--with-description"
                      for="cheese"
                    >
                      Cheese
                      <span
                        class="ons-label__description ons-radio__label--with-description"
                      >
                        This includes all types of cheese
                      </span>
                    </label>
                  </span>
                </span>
                <br />
              </div>
            </div>
          </div>
        </div>
      </fieldset>
    </div>
    <div
      class="ons-field ons-u-mb-m"
      id="radio-_r_5_"
    >
      <fieldset
        class="ons-fieldset"
      >
        <legend
          class="ons-fieldset__legend ons-u-fs-r--b"
        >
          Select a radio option
        </legend>
        <div
          class="ons-grid"
        >
          <div
            class="ons-grid__col ons-col-8@m ons-col-6@l"
          >
            <div
              class="ons-input-items"
            >
              <div
                class="ons-radios__items"
              >
                <span
                  class="ons-radios__item"
                >
                  <span
                    class="ons-radio"
                  >
                    <input
                      class="ons-radio__input"
                      id="firstOption"
                      name="options"
                      type="radio"
                      value="firstOption"
                    />
                    <label
                      class="ons-radio__label "
                      for="firstOption"
                    >
                      First Option
                    </label>
                  </span>
                </span>
                <br />
                <span
                  class="ons-radios__item"
                >
                  <span
                    class="ons-radio"
                  >
                    <input
                      class="ons-radio__input"
                      id="other"
                      name="options"
                      type="radio"
                      value="other"
                    />
                    <label
                      class="ons-radio__label "
                      for="other"
                    >
                      Other
                    </label>
                    <span
                      class="ons-radio__other ons-radio__other--open"
                      id="other-other-wrap"
                    >
                      <label
                        class="ons-label ons-u-fs-s--b"
                        for="other-text"
                      >
                        Please specify
                      </label>
                      <input
                        class="ons-input ons-input--text ons-input-type__input ons-input--w-auto"
                        id="other-text"
                        name="other-text"
                        type="text"
                        value=""
                      />
                    </span>
                  </span>
                </span>
                <br />
              </div>
            </div>
          </div>
        </div>
      </fieldset>
    </div>
    <br />
    <button
      class="ons-btn"
      data-testid="form-_r_0_-submit-button"
      id="form-_r_0_-submit"
      type="submit"
    >
      <span
        class="ons-btn__inner"
      >
        <span
          class="ons-btn__text"
        >
          Save and Continue
        </span>
      </span>
    </button>
  </form>
</DocumentFragment>
`;
