// Vitest Snapshot v1, https://vitest.dev/guide/snapshot.html

exports[`ExampleCheckboxForm > Rendering > should match the snapshot 1`] = `
<DocumentFragment>
  <form
    action="#"
  >
    <div
      class="ons-field ons-u-mb-m"
    >
      <fieldset
        class="ons-fieldset"
      >
        <legend
          class="ons-fieldset__legend ons-u-fs-r--b"
        >
          Select questionnaires
        </legend>
        <div
          class="ons-grid"
        >
          <div
            class="ons-grid__col ons-col-8@m ons-col-6@l"
          >
            <button
              class="ons-btn ons-u-mb-s ons-js-auto-selector ons-btn--small ons-btn--secondary"
              type="button"
            >
              <span
                class="ons-btn__inner"
              >
                <span
                  class="ons-js-button-text"
                >
                  Select All
                </span>
                <span
                  class="ons-u-vh"
                >
                   following checkboxes
                </span>
              </span>
            </button>
            <div
              class="ons-input-items"
            >
              <div
                class="ons-checkboxes__items"
              >
                <span
                  class="ons-checkboxes__item"
                >
                  <span
                    class="ons-checkbox"
                  >
                    <input
                      class="ons-checkbox__input"
                      id="lms"
                      name="questionnaire"
                      type="checkbox"
                      value="lms"
                    />
                    <label
                      class="ons-checkbox__label "
                      for="lms"
                    >
                      LMS
                    </label>
                  </span>
                </span>
                <br />
                <span
                  class="ons-checkboxes__item"
                >
                  <span
                    class="ons-checkbox"
                  >
                    <input
                      class="ons-checkbox__input"
                      id="opn"
                      name="questionnaire"
                      type="checkbox"
                      value="opn"
                    />
                    <label
                      class="ons-checkbox__label "
                      for="opn"
                    >
                      OPN
                    </label>
                  </span>
                </span>
                <br />
              </div>
            </div>
          </div>
        </div>
      </fieldset>
    </div>
    <br />
    <button
      class="ons-btn"
      data-testid="submit-button"
      type="submit"
    >
      <span
        class="ons-btn__inner"
      >
        <span
          class="ons-btn__text"
        >
          Submit Selection
        </span>
      </span>
    </button>
  </form>
</DocumentFragment>
`;
